Currently epoch 21
100%|███████████████████████████████████████████████████████████████████████████████████████████████████████████████████████████████████████████████████████████████| 5/5 [00:04<00:00,  1.05it/s, loss=6.09] 
Currently epoch 22
100%|███████████████████████████████████████████████████████████████████████████████████████████████████████████████████████████████████████████████████████████████| 5/5 [00:04<00:00,  1.03it/s, loss=5.92] 
Currently epoch 23
100%|███████████████████████████████████████████████████████████████████████████████████████████████████████████████████████████████████████████████████████████████| 5/5 [00:04<00:00,  1.07it/s, loss=5.74] 
Currently epoch 24
100%|███████████████████████████████████████████████████████████████████████████████████████████████████████████████████████████████████████████████████████████████| 5/5 [00:04<00:00,  1.04it/s, loss=5.45] 
Currently epoch 25
100%|███████████████████████████████████████████████████████████████████████████████████████████████████████████████████████████████████████████████████████████████| 5/5 [00:04<00:00,  1.03it/s, loss=5.33] 
Currently epoch 26
100%|████████████████████████████████████████████████████████████████████████████████████████████████████████████████████████████████████████████████████████████████| 5/5 [00:04<00:00,  1.04it/s, loss=5.2] 
Currently epoch 27
100%|███████████████████████████████████████████████████████████████████████████████████████████████████████████████████████████████████████████████████████████████| 5/5 [00:04<00:00,  1.04it/s, loss=4.99] 
Currently epoch 28
100%|███████████████████████████████████████████████████████████████████████████████████████████████████████████████████████████████████████████████████████████████| 5/5 [00:04<00:00,  1.03it/s, loss=4.89] 
Currently epoch 29
100%|███████████████████████████████████████████████████████████████████████████████████████████████████████████████████████████████████████████████████████████████| 5/5 [00:04<00:00,  1.03it/s, loss=4.79] 
Currently epoch 30
Running get_evaluation_bboxes...
  0%|                                                                                                                                                                                  | 0/2 [00:00<?, ?it/s]Starting NMS
Num boxes above confidence threshold: 0
Highest Box confidence scores: []
Starting NMS
Num boxes above confidence threshold: 0
Highest Box confidence scores: []
Starting NMS
Num boxes above confidence threshold: 0
Highest Box confidence scores: []
Starting NMS
Num boxes above confidence threshold: 0
Highest Box confidence scores: []
Starting NMS
Num boxes above confidence threshold: 0
Highest Box confidence scores: []
Starting NMS
Num boxes above confidence threshold: 0
Highest Box confidence scores: []
Starting NMS
Num boxes above confidence threshold: 0
Highest Box confidence scores: []
Starting NMS
Num boxes above confidence threshold: 0
Highest Box confidence scores: []
Starting NMS
Num boxes above confidence threshold: 0
Highest Box confidence scores: []
Starting NMS
Num boxes above confidence threshold: 0
Highest Box confidence scores: []
Starting NMS
Num boxes above confidence threshold: 0
Highest Box confidence scores: []
Starting NMS
Num boxes above confidence threshold: 0
Highest Box confidence scores: []
Starting NMS
Num boxes above confidence threshold: 0
Highest Box confidence scores: []
Starting NMS
Num boxes above confidence threshold: 0
Highest Box confidence scores: []
Starting NMS
Num boxes above confidence threshold: 0
Highest Box confidence scores: []
Starting NMS
Num boxes above confidence threshold: 0
Highest Box confidence scores: []
Starting NMS
Num boxes above confidence threshold: 0
Highest Box confidence scores: []
Starting NMS
Num boxes above confidence threshold: 0
Highest Box confidence scores: []
Starting NMS
Num boxes above confidence threshold: 0
Highest Box confidence scores: []
Starting NMS
Num boxes above confidence threshold: 0
Highest Box confidence scores: []
Starting NMS
Num boxes above confidence threshold: 0
Highest Box confidence scores: []
Starting NMS
Num boxes above confidence threshold: 0
Highest Box confidence scores: []
Starting NMS
Num boxes above confidence threshold: 0
Highest Box confidence scores: []
Starting NMS
Num boxes above confidence threshold: 0
Highest Box confidence scores: []
Starting NMS
Num boxes above confidence threshold: 0
Highest Box confidence scores: []
Starting NMS
Num boxes above confidence threshold: 0
Highest Box confidence scores: []
Starting NMS
Num boxes above confidence threshold: 0
Highest Box confidence scores: []
Starting NMS
Num boxes above confidence threshold: 0
Highest Box confidence scores: []
Starting NMS
Num boxes above confidence threshold: 0
Highest Box confidence scores: []
Starting NMS
Num boxes above confidence threshold: 0
Highest Box confidence scores: []
Starting NMS
Num boxes above confidence threshold: 0
Highest Box confidence scores: []
Starting NMS
Num boxes above confidence threshold: 0
Highest Box confidence scores: []
 50%|█████████████████████████████████████████████████████████████████████████████████████                                                                                     | 1/2 [00:03<00:03,  3.63s/it]Starting NMS
Num boxes above confidence threshold: 0
Highest Box confidence scores: []
Starting NMS
Num boxes above confidence threshold: 0
Highest Box confidence scores: []
Starting NMS
Num boxes above confidence threshold: 0
Highest Box confidence scores: []
Starting NMS
Num boxes above confidence threshold: 0
Highest Box confidence scores: []
Starting NMS
Num boxes above confidence threshold: 0
Highest Box confidence scores: []
Starting NMS
Num boxes above confidence threshold: 0
Highest Box confidence scores: []
Starting NMS
Num boxes above confidence threshold: 0
Highest Box confidence scores: []
100%|██████████████████████████████████████████████████████████████████████████████████████████████████████████████████████████████████████████████████████████████████████████| 2/2 [00:04<00:00,  2.09s/it] 
Running mean_average_precision...
MAP: 0.0
100%|███████████████████████████████████████████████████████████████████████████████████████████████████████████████████████████████████████████████████████████████| 5/5 [00:04<00:00,  1.05it/s, loss=4.62] 
Currently epoch 31
100%|███████████████████████████████████████████████████████████████████████████████████████████████████████████████████████████████████████████████████████████████| 5/5 [00:04<00:00,  1.02it/s, loss=4.55] 
Currently epoch 32
100%|███████████████████████████████████████████████████████████████████████████████████████████████████████████████████████████████████████████████████████████████| 5/5 [00:04<00:00,  1.04it/s, loss=4.39] 
Currently epoch 33
100%|███████████████████████████████████████████████████████████████████████████████████████████████████████████████████████████████████████████████████████████████| 5/5 [00:04<00:00,  1.02it/s, loss=4.31] 
Currently epoch 34
100%|███████████████████████████████████████████████████████████████████████████████████████████████████████████████████████████████████████████████████████████████| 5/5 [00:04<00:00,  1.05it/s, loss=4.23] 
Currently epoch 35
100%|███████████████████████████████████████████████████████████████████████████████████████████████████████████████████████████████████████████████████████████████| 5/5 [00:04<00:00,  1.05it/s, loss=4.12] 
Currently epoch 36
100%|███████████████████████████████████████████████████████████████████████████████████████████████████████████████████████████████████████████████████████████████| 5/5 [00:04<00:00,  1.04it/s, loss=3.98] 
Currently epoch 37
100%|███████████████████████████████████████████████████████████████████████████████████████████████████████████████████████████████████████████████████████████████| 5/5 [00:04<00:00,  1.05it/s, loss=3.95] 
Currently epoch 38
100%|███████████████████████████████████████████████████████████████████████████████████████████████████████████████████████████████████████████████████████████████| 5/5 [00:04<00:00,  1.05it/s, loss=3.87] 
Currently epoch 39
100%|███████████████████████████████████████████████████████████████████████████████████████████████████████████████████████████████████████████████████████████████| 5/5 [00:04<00:00,  1.03it/s, loss=3.68] 
Currently epoch 40
Running get_evaluation_bboxes...
  0%|                                                                                                                                                                                  | 0/2 [00:00<?, ?it/s]Starting NMS
Num boxes above confidence threshold: 0
Highest Box confidence scores: []
Starting NMS
Num boxes above confidence threshold: 0
Highest Box confidence scores: []
Starting NMS
Num boxes above confidence threshold: 0
Highest Box confidence scores: []
Starting NMS
Num boxes above confidence threshold: 0
Highest Box confidence scores: []
Starting NMS
Num boxes above confidence threshold: 0
Highest Box confidence scores: []
Starting NMS
Num boxes above confidence threshold: 0
Highest Box confidence scores: []
Starting NMS
Num boxes above confidence threshold: 0
Highest Box confidence scores: []
Starting NMS
Num boxes above confidence threshold: 0
Highest Box confidence scores: []
Starting NMS
Num boxes above confidence threshold: 0
Highest Box confidence scores: []
Starting NMS
Num boxes above confidence threshold: 0
Highest Box confidence scores: []
Starting NMS
Num boxes above confidence threshold: 0
Highest Box confidence scores: []
Starting NMS
Num boxes above confidence threshold: 0
Highest Box confidence scores: []
Starting NMS
Num boxes above confidence threshold: 0
Highest Box confidence scores: []
Starting NMS
Num boxes above confidence threshold: 0
Highest Box confidence scores: []
Starting NMS
Num boxes above confidence threshold: 0
Highest Box confidence scores: []
Starting NMS
Num boxes above confidence threshold: 0
Highest Box confidence scores: []
Starting NMS
Num boxes above confidence threshold: 0
Highest Box confidence scores: []
Starting NMS
Num boxes above confidence threshold: 0
Highest Box confidence scores: []
Starting NMS
Num boxes above confidence threshold: 0
Highest Box confidence scores: []
Starting NMS
Num boxes above confidence threshold: 0
Highest Box confidence scores: []
Starting NMS
Num boxes above confidence threshold: 0
Highest Box confidence scores: []
Starting NMS
Num boxes above confidence threshold: 0
Highest Box confidence scores: []
Starting NMS
Num boxes above confidence threshold: 0
Highest Box confidence scores: []
Starting NMS
Num boxes above confidence threshold: 0
Highest Box confidence scores: []
Starting NMS
Num boxes above confidence threshold: 0
Highest Box confidence scores: []
Starting NMS
Num boxes above confidence threshold: 0
Highest Box confidence scores: []
Starting NMS
Num boxes above confidence threshold: 0
Highest Box confidence scores: []
Starting NMS
Num boxes above confidence threshold: 0
Highest Box confidence scores: []
Starting NMS
Num boxes above confidence threshold: 0
Highest Box confidence scores: []
Starting NMS
Num boxes above confidence threshold: 0
Highest Box confidence scores: []
Starting NMS
Num boxes above confidence threshold: 0
Highest Box confidence scores: []
Starting NMS
Num boxes above confidence threshold: 0
Highest Box confidence scores: []
 50%|█████████████████████████████████████████████████████████████████████████████████████                                                                                     | 1/2 [00:03<00:03,  3.67s/it]Starting NMS
Num boxes above confidence threshold: 0
Highest Box confidence scores: []
Starting NMS
Num boxes above confidence threshold: 0
Highest Box confidence scores: []
Starting NMS
Num boxes above confidence threshold: 0
Highest Box confidence scores: []
Starting NMS
Num boxes above confidence threshold: 0
Highest Box confidence scores: []
Starting NMS
Num boxes above confidence threshold: 0
Highest Box confidence scores: []
Starting NMS
Num boxes above confidence threshold: 0
Highest Box confidence scores: []
Starting NMS
Num boxes above confidence threshold: 0
Highest Box confidence scores: []
100%|██████████████████████████████████████████████████████████████████████████████████████████████████████████████████████████████████████████████████████████████████████████| 2/2 [00:04<00:00,  2.11s/it] 
Running mean_average_precision...
MAP: 0.0
100%|███████████████████████████████████████████████████████████████████████████████████████████████████████████████████████████████████████████████████████████████| 5/5 [00:04<00:00,  1.01it/s, loss=3.57] 
Currently epoch 41
100%|███████████████████████████████████████████████████████████████████████████████████████████████████████████████████████████████████████████████████████████████| 5/5 [00:04<00:00,  1.02it/s, loss=3.53] 
Currently epoch 42
100%|███████████████████████████████████████████████████████████████████████████████████████████████████████████████████████████████████████████████████████████████| 5/5 [00:04<00:00,  1.04it/s, loss=3.43]
Currently epoch 43
100%|███████████████████████████████████████████████████████████████████████████████████████████████████████████████████████████████████████████████████████████████| 5/5 [00:04<00:00,  1.03it/s, loss=3.35]
Currently epoch 44
100%|███████████████████████████████████████████████████████████████████████████████████████████████████████████████████████████████████████████████████████████████| 5/5 [00:04<00:00,  1.04it/s, loss=3.31]
Currently epoch 45
100%|███████████████████████████████████████████████████████████████████████████████████████████████████████████████████████████████████████████████████████████████| 5/5 [00:04<00:00,  1.04it/s, loss=3.25]
Currently epoch 46
100%|███████████████████████████████████████████████████████████████████████████████████████████████████████████████████████████████████████████████████████████████| 5/5 [00:04<00:00,  1.04it/s, loss=3.13]
Currently epoch 47
100%|███████████████████████████████████████████████████████████████████████████████████████████████████████████████████████████████████████████████████████████████| 5/5 [00:04<00:00,  1.04it/s, loss=3.11]
Currently epoch 48
100%|███████████████████████████████████████████████████████████████████████████████████████████████████████████████████████████████████████████████████████████████| 5/5 [00:04<00:00,  1.04it/s, loss=3.05]
Currently epoch 49
100%|███████████████████████████████████████████████████████████████████████████████████████████████████████████████████████████████████████████████████████████████| 5/5 [00:04<00:00,  1.04it/s, loss=2.99]
Currently epoch 50
Running get_evaluation_bboxes...
  0%|                                                                                                                                                                                  | 0/2 [00:00<?, ?it/s]Starting NMS
Num boxes above confidence threshold: 2
Highest Box confidence scores: [0.7540687322616577, 0.7356550693511963]
Starting NMS
Num boxes above confidence threshold: 1
Highest Box confidence scores: [0.7151154279708862]
Starting NMS
Num boxes above confidence threshold: 1
Highest Box confidence scores: [0.7417512536048889]
Starting NMS
Num boxes above confidence threshold: 0
Highest Box confidence scores: []
Starting NMS
Num boxes above confidence threshold: 0
Highest Box confidence scores: []
Starting NMS
Num boxes above confidence threshold: 1
Highest Box confidence scores: [0.7085939049720764]
Starting NMS
Num boxes above confidence threshold: 2
Highest Box confidence scores: [0.7177579402923584, 0.717069149017334]
Starting NMS
Num boxes above confidence threshold: 0
Highest Box confidence scores: []
Starting NMS
Num boxes above confidence threshold: 2
Highest Box confidence scores: [0.7693904042243958, 0.7017316222190857]
Starting NMS
Num boxes above confidence threshold: 1
Highest Box confidence scores: [0.7488558292388916]
Starting NMS
Num boxes above confidence threshold: 0
Highest Box confidence scores: []
Starting NMS
Num boxes above confidence threshold: 0
Highest Box confidence scores: []
Starting NMS
Num boxes above confidence threshold: 2
Highest Box confidence scores: [0.7060148119926453, 0.7051043510437012]
Starting NMS
Num boxes above confidence threshold: 0
Highest Box confidence scores: []
Starting NMS
Num boxes above confidence threshold: 1
Highest Box confidence scores: [0.7536108493804932]
Starting NMS
Num boxes above confidence threshold: 0
Highest Box confidence scores: []
Starting NMS
Num boxes above confidence threshold: 1
Highest Box confidence scores: [0.7259829640388489]
Starting NMS
Num boxes above confidence threshold: 0
Highest Box confidence scores: []
Starting NMS
Num boxes above confidence threshold: 1
Highest Box confidence scores: [0.7253895998001099]
Starting NMS
Num boxes above confidence threshold: 0
Highest Box confidence scores: []
Starting NMS
Num boxes above confidence threshold: 2
Highest Box confidence scores: [0.7462483644485474, 0.7412662506103516]
Starting NMS
Num boxes above confidence threshold: 2
Highest Box confidence scores: [0.7240753173828125, 0.7033618092536926]
Starting NMS
Num boxes above confidence threshold: 0
Highest Box confidence scores: []
Starting NMS
Num boxes above confidence threshold: 0
Highest Box confidence scores: []
Starting NMS
Num boxes above confidence threshold: 1
Highest Box confidence scores: [0.7127633094787598]
Starting NMS
Num boxes above confidence threshold: 1
Highest Box confidence scores: [0.7126617431640625]
Starting NMS
Num boxes above confidence threshold: 0
Highest Box confidence scores: []
Starting NMS
Num boxes above confidence threshold: 1
Highest Box confidence scores: [0.7154607176780701]
Starting NMS
Num boxes above confidence threshold: 0
Highest Box confidence scores: []
Starting NMS
Num boxes above confidence threshold: 2
Highest Box confidence scores: [0.7015855312347412, 0.7004038691520691]
Starting NMS
Num boxes above confidence threshold: 0
Highest Box confidence scores: []
Starting NMS
Num boxes above confidence threshold: 1
Highest Box confidence scores: [0.705912172794342]
 50%|█████████████████████████████████████████████████████████████████████████████████████                                                                                     | 1/2 [00:03<00:03,  3.73s/it]Starting NMS
Num boxes above confidence threshold: 0
Highest Box confidence scores: []
Starting NMS
Num boxes above confidence threshold: 0
Highest Box confidence scores: []
Starting NMS
Num boxes above confidence threshold: 1
Highest Box confidence scores: [0.7056609988212585]
Starting NMS
Num boxes above confidence threshold: 0
Highest Box confidence scores: []
Starting NMS
Num boxes above confidence threshold: 1
Highest Box confidence scores: [0.7024447917938232]
Starting NMS
Num boxes above confidence threshold: 1
Highest Box confidence scores: [0.7184497117996216]
Starting NMS
Num boxes above confidence threshold: 1
Highest Box confidence scores: [0.7114980816841125]
100%|██████████████████████████████████████████████████████████████████████████████████████████████████████████████████████████████████████████████████████████████████████████| 2/2 [00:04<00:00,  2.14s/it] 
Running mean_average_precision...
MAP: 0.048137303441762924
100%|███████████████████████████████████████████████████████████████████████████████████████████████████████████████████████████████████████████████████████████████| 5/5 [00:04<00:00,  1.05it/s, loss=2.99]
Currently epoch 51
100%|████████████████████████████████████████████████████████████████████████████████████████████████████████████████████████████████████████████████████████████████| 5/5 [00:04<00:00,  1.03it/s, loss=2.9] 
Currently epoch 52
100%|███████████████████████████████████████████████████████████████████████████████████████████████████████████████████████████████████████████████████████████████| 5/5 [00:04<00:00,  1.05it/s, loss=2.78] 
Currently epoch 53
100%|███████████████████████████████████████████████████████████████████████████████████████████████████████████████████████████████████████████████████████████████| 5/5 [00:04<00:00,  1.04it/s, loss=2.78] 
Currently epoch 54
100%|███████████████████████████████████████████████████████████████████████████████████████████████████████████████████████████████████████████████████████████████| 5/5 [00:04<00:00,  1.05it/s, loss=2.77] 
Currently epoch 55
100%|███████████████████████████████████████████████████████████████████████████████████████████████████████████████████████████████████████████████████████████████| 5/5 [00:04<00:00,  1.05it/s, loss=2.77] 
Currently epoch 56
100%|████████████████████████████████████████████████████████████████████████████████████████████████████████████████████████████████████████████████████████████████| 5/5 [00:04<00:00,  1.05it/s, loss=2.7] 
Currently epoch 57
100%|███████████████████████████████████████████████████████████████████████████████████████████████████████████████████████████████████████████████████████████████| 5/5 [00:04<00:00,  1.04it/s, loss=2.62] 
Currently epoch 58
100%|███████████████████████████████████████████████████████████████████████████████████████████████████████████████████████████████████████████████████████████████| 5/5 [00:04<00:00,  1.05it/s, loss=2.53] 
Currently epoch 59
100%|███████████████████████████████████████████████████████████████████████████████████████████████████████████████████████████████████████████████████████████████| 5/5 [00:04<00:00,  1.01it/s, loss=2.53] 
Currently epoch 60
Running get_evaluation_bboxes...
  0%|                                                                                                                                                                                  | 0/2 [00:00<?, ?it/s]Starting NMS
Num boxes above confidence threshold: 2
Highest Box confidence scores: [0.7678857445716858, 0.744914710521698]
Starting NMS
Num boxes above confidence threshold: 1
Highest Box confidence scores: [0.7391623854637146]
Starting NMS
Num boxes above confidence threshold: 1
Highest Box confidence scores: [0.7362740635871887]
Starting NMS
Num boxes above confidence threshold: 2
Highest Box confidence scores: [0.7234987020492554, 0.7032591700553894]
Starting NMS
Num boxes above confidence threshold: 2
Highest Box confidence scores: [0.7168090343475342, 0.7139956951141357]
Starting NMS
Num boxes above confidence threshold: 1
Highest Box confidence scores: [0.7557764649391174]
Starting NMS
Num boxes above confidence threshold: 3
Highest Box confidence scores: [0.7526549100875854, 0.7040002346038818, 0.7031862139701843]
Starting NMS
Num boxes above confidence threshold: 2
Highest Box confidence scores: [0.7445586919784546, 0.7441672682762146]
Starting NMS
Num boxes above confidence threshold: 3
Highest Box confidence scores: [0.7737613320350647, 0.7358708381652832, 0.7111760377883911]
Starting NMS
Num boxes above confidence threshold: 3
Highest Box confidence scores: [0.7554219365119934, 0.7272241115570068, 0.7167549729347229]
Starting NMS
Num boxes above confidence threshold: 2
Highest Box confidence scores: [0.740760862827301, 0.7264454364776611]
Starting NMS
Num boxes above confidence threshold: 1
Highest Box confidence scores: [0.7016607522964478]
Starting NMS
Num boxes above confidence threshold: 2
Highest Box confidence scores: [0.7515917420387268, 0.703386664390564]
Starting NMS
Num boxes above confidence threshold: 0
Highest Box confidence scores: []
Starting NMS
Num boxes above confidence threshold: 2
Highest Box confidence scores: [0.7799439430236816, 0.7377350926399231]
Starting NMS
Num boxes above confidence threshold: 1
Highest Box confidence scores: [0.708915650844574]
Starting NMS
Num boxes above confidence threshold: 2
Highest Box confidence scores: [0.7504535913467407, 0.7372408509254456]
Starting NMS
Num boxes above confidence threshold: 0
Highest Box confidence scores: []
Starting NMS
Num boxes above confidence threshold: 0
Highest Box confidence scores: []
Starting NMS
Num boxes above confidence threshold: 0
Highest Box confidence scores: []
Starting NMS
Num boxes above confidence threshold: 2
Highest Box confidence scores: [0.7723385095596313, 0.7652553915977478]
Starting NMS
Num boxes above confidence threshold: 1
Highest Box confidence scores: [0.7251520752906799]
Starting NMS
Num boxes above confidence threshold: 1
Highest Box confidence scores: [0.7151020765304565]
Starting NMS
Num boxes above confidence threshold: 0
Highest Box confidence scores: []
Starting NMS
Num boxes above confidence threshold: 1
Highest Box confidence scores: [0.7117896676063538]
Starting NMS
Num boxes above confidence threshold: 1
Highest Box confidence scores: [0.7681206464767456]
Starting NMS
Num boxes above confidence threshold: 3
Highest Box confidence scores: [0.7263393998146057, 0.7178180813789368, 0.7106174230575562]
Starting NMS
Num boxes above confidence threshold: 2
Highest Box confidence scores: [0.7395789623260498, 0.7134153842926025]
Starting NMS
Num boxes above confidence threshold: 2
Highest Box confidence scores: [0.7354759573936462, 0.7033372521400452]
Starting NMS
Num boxes above confidence threshold: 3
Highest Box confidence scores: [0.7466079592704773, 0.7046003937721252, 0.7023854851722717]
Starting NMS
Num boxes above confidence threshold: 2
Highest Box confidence scores: [0.7193171977996826, 0.7080681324005127]
Starting NMS
Num boxes above confidence threshold: 2
Highest Box confidence scores: [0.7297187447547913, 0.7236252427101135]
 50%|█████████████████████████████████████████████████████████████████████████████████████                                                                                     | 1/2 [00:03<00:03,  3.77s/it]Starting NMS
Num boxes above confidence threshold: 3
Highest Box confidence scores: [0.7456996440887451, 0.7253715991973877, 0.7031611204147339]
Starting NMS
Num boxes above confidence threshold: 1
Highest Box confidence scores: [0.7104328274726868]
Starting NMS
Num boxes above confidence threshold: 0
Highest Box confidence scores: []
Starting NMS
Num boxes above confidence threshold: 0
Highest Box confidence scores: []
Starting NMS
Num boxes above confidence threshold: 2
Highest Box confidence scores: [0.7443621158599854, 0.713336169719696]
Starting NMS
Num boxes above confidence threshold: 2
Highest Box confidence scores: [0.760428786277771, 0.7050518989562988]
Starting NMS
Num boxes above confidence threshold: 2
Highest Box confidence scores: [0.7054305076599121, 0.7041762471199036]
100%|██████████████████████████████████████████████████████████████████████████████████████████████████████████████████████████████████████████████████████████████████████████| 2/2 [00:04<00:00,  2.12s/it]
Running mean_average_precision...
MAP: 0.17319662868976593
100%|███████████████████████████████████████████████████████████████████████████████████████████████████████████████████████████████████████████████████████████████| 5/5 [00:04<00:00,  1.05it/s, loss=2.49] 
Currently epoch 61
100%|███████████████████████████████████████████████████████████████████████████████████████████████████████████████████████████████████████████████████████████████| 5/5 [00:04<00:00,  1.05it/s, loss=2.41] 
Currently epoch 62
100%|███████████████████████████████████████████████████████████████████████████████████████████████████████████████████████████████████████████████████████████████| 5/5 [00:04<00:00,  1.04it/s, loss=2.33] 
Currently epoch 63
100%|███████████████████████████████████████████████████████████████████████████████████████████████████████████████████████████████████████████████████████████████| 5/5 [00:04<00:00,  1.08it/s, loss=2.32] 
Currently epoch 64
100%|███████████████████████████████████████████████████████████████████████████████████████████████████████████████████████████████████████████████████████████████| 5/5 [00:04<00:00,  1.05it/s, loss=2.32] 
Currently epoch 65
100%|███████████████████████████████████████████████████████████████████████████████████████████████████████████████████████████████████████████████████████████████| 5/5 [00:04<00:00,  1.06it/s, loss=2.24] 
Currently epoch 66
100%|████████████████████████████████████████████████████████████████████████████████████████████████████████████████████████████████████████████████████████████████| 5/5 [00:04<00:00,  1.04it/s, loss=2.2] 
Currently epoch 67
100%|███████████████████████████████████████████████████████████████████████████████████████████████████████████████████████████████████████████████████████████████| 5/5 [00:04<00:00,  1.05it/s, loss=2.14] 
Currently epoch 68
100%|████████████████████████████████████████████████████████████████████████████████████████████████████████████████████████████████████████████████████████████████| 5/5 [00:04<00:00,  1.04it/s, loss=2.1] 
Currently epoch 69
100%|███████████████████████████████████████████████████████████████████████████████████████████████████████████████████████████████████████████████████████████████| 5/5 [00:04<00:00,  1.06it/s, loss=2.04] 
Currently epoch 70
Running get_evaluation_bboxes...
  0%|                                                                                                                                                                                  | 0/2 [00:00<?, ?it/s]Starting NMS
Num boxes above confidence threshold: 2
Highest Box confidence scores: [0.7848553657531738, 0.7422997355461121]
Starting NMS
Num boxes above confidence threshold: 2
Highest Box confidence scores: [0.7077222466468811, 0.7062450051307678]
Starting NMS
Num boxes above confidence threshold: 1
Highest Box confidence scores: [0.7542306184768677]
Starting NMS
Num boxes above confidence threshold: 1
Highest Box confidence scores: [0.7408703565597534]
Starting NMS
Num boxes above confidence threshold: 2
Highest Box confidence scores: [0.7367191314697266, 0.7231280207633972]
Starting NMS
Num boxes above confidence threshold: 1
Highest Box confidence scores: [0.7471830248832703]
Starting NMS
Num boxes above confidence threshold: 3
Highest Box confidence scores: [0.7746717929840088, 0.7053349018096924, 0.7006257176399231]
Starting NMS
Num boxes above confidence threshold: 4
Highest Box confidence scores: [0.7718439698219299, 0.7603558897972107, 0.7136693596839905, 0.7012874484062195]
Starting NMS
Num boxes above confidence threshold: 4
Highest Box confidence scores: [0.756412148475647, 0.7195805311203003, 0.7151442766189575, 0.7073616981506348]
Starting NMS
Num boxes above confidence threshold: 4
Highest Box confidence scores: [0.7319358587265015, 0.7255996465682983, 0.7136579155921936, 0.702151894569397]
Starting NMS
Num boxes above confidence threshold: 2
Highest Box confidence scores: [0.7487777471542358, 0.7415059804916382]
Starting NMS
Num boxes above confidence threshold: 2
Highest Box confidence scores: [0.7358601689338684, 0.7026845216751099]
Starting NMS
Num boxes above confidence threshold: 2
Highest Box confidence scores: [0.7791154384613037, 0.7379764914512634]
Starting NMS
Num boxes above confidence threshold: 1
Highest Box confidence scores: [0.7204848527908325]
Starting NMS
Num boxes above confidence threshold: 3
Highest Box confidence scores: [0.7907775640487671, 0.7552614808082581, 0.7104275822639465]
Starting NMS
Num boxes above confidence threshold: 1
Highest Box confidence scores: [0.736122190952301]
Starting NMS
Num boxes above confidence threshold: 4
Highest Box confidence scores: [0.759606122970581, 0.7276220321655273, 0.7081301808357239, 0.7071800827980042]
Starting NMS
Num boxes above confidence threshold: 2
Highest Box confidence scores: [0.7417587637901306, 0.7019646763801575]
Starting NMS
Num boxes above confidence threshold: 1
Highest Box confidence scores: [0.7209370136260986]
Starting NMS
Num boxes above confidence threshold: 1
Highest Box confidence scores: [0.722631573677063]
Starting NMS
Num boxes above confidence threshold: 2
Highest Box confidence scores: [0.7786693572998047, 0.7585086822509766]
Starting NMS
Num boxes above confidence threshold: 3
Highest Box confidence scores: [0.7454530000686646, 0.7312133312225342, 0.7057221531867981]
Starting NMS
Num boxes above confidence threshold: 1
Highest Box confidence scores: [0.7251579165458679]
Starting NMS
Num boxes above confidence threshold: 1
Highest Box confidence scores: [0.7086414098739624]
Starting NMS
Num boxes above confidence threshold: 2
Highest Box confidence scores: [0.7228845953941345, 0.706251859664917]
Starting NMS
Num boxes above confidence threshold: 1
Highest Box confidence scores: [0.7705668210983276]
Starting NMS
Num boxes above confidence threshold: 3
Highest Box confidence scores: [0.7437342405319214, 0.7351811528205872, 0.7114456295967102]
Starting NMS
Num boxes above confidence threshold: 2
Highest Box confidence scores: [0.7613473534584045, 0.7393649220466614]
Starting NMS
Num boxes above confidence threshold: 2
Highest Box confidence scores: [0.7406724095344543, 0.7024366855621338]
Starting NMS
Num boxes above confidence threshold: 2
Highest Box confidence scores: [0.7371781468391418, 0.7046002745628357]
Starting NMS
Num boxes above confidence threshold: 2
Highest Box confidence scores: [0.7362744808197021, 0.7117323279380798]
Starting NMS
Num boxes above confidence threshold: 3
Highest Box confidence scores: [0.7408565878868103, 0.7184481024742126, 0.7178105711936951]
 50%|█████████████████████████████████████████████████████████████████████████████████████                                                                                     | 1/2 [00:03<00:03,  3.78s/it]Starting NMS
Num boxes above confidence threshold: 3
Highest Box confidence scores: [0.7657483220100403, 0.7586193680763245, 0.7327307462692261]
Starting NMS
Num boxes above confidence threshold: 2
Highest Box confidence scores: [0.7085108160972595, 0.7010362148284912]
Starting NMS
Num boxes above confidence threshold: 2
Highest Box confidence scores: [0.7387738227844238, 0.7208259701728821]
Starting NMS
Num boxes above confidence threshold: 2
Highest Box confidence scores: [0.7454301118850708, 0.7099372744560242]
Starting NMS
Num boxes above confidence threshold: 2
Highest Box confidence scores: [0.7570684552192688, 0.7089410424232483]
Starting NMS
Num boxes above confidence threshold: 2
Highest Box confidence scores: [0.7596513628959656, 0.7045926451683044]
Starting NMS
Num boxes above confidence threshold: 2
Highest Box confidence scores: [0.7156204581260681, 0.7051178216934204]
100%|██████████████████████████████████████████████████████████████████████████████████████████████████████████████████████████████████████████████████████████████████████████| 2/2 [00:04<00:00,  2.16s/it] 
Running mean_average_precision...
MAP: 0.26222097873687744
100%|████████████████████████████████████████████████████████████████████████████████████████████████████████████████████████████████████████████████████████████████| 5/5 [00:04<00:00,  1.05it/s, loss=2.1] 
Currently epoch 71
100%|███████████████████████████████████████████████████████████████████████████████████████████████████████████████████████████████████████████████████████████████| 5/5 [00:04<00:00,  1.04it/s, loss=2.08] 
Currently epoch 72
100%|███████████████████████████████████████████████████████████████████████████████████████████████████████████████████████████████████████████████████████████████| 5/5 [00:04<00:00,  1.04it/s, loss=1.98] 
Currently epoch 73
100%|███████████████████████████████████████████████████████████████████████████████████████████████████████████████████████████████████████████████████████████████| 5/5 [00:04<00:00,  1.03it/s, loss=1.97] 
Currently epoch 74
100%|███████████████████████████████████████████████████████████████████████████████████████████████████████████████████████████████████████████████████████████████| 5/5 [00:04<00:00,  1.03it/s, loss=1.93] 
Currently epoch 75
100%|███████████████████████████████████████████████████████████████████████████████████████████████████████████████████████████████████████████████████████████████| 5/5 [00:04<00:00,  1.04it/s, loss=1.89] 
Currently epoch 76
100%|███████████████████████████████████████████████████████████████████████████████████████████████████████████████████████████████████████████████████████████████| 5/5 [00:04<00:00,  1.04it/s, loss=1.87] 
Currently epoch 77
100%|███████████████████████████████████████████████████████████████████████████████████████████████████████████████████████████████████████████████████████████████| 5/5 [00:04<00:00,  1.03it/s, loss=1.85] 
Currently epoch 78
100%|████████████████████████████████████████████████████████████████████████████████████████████████████████████████████████████████████████████████████████████████| 5/5 [00:04<00:00,  1.05it/s, loss=1.8] 
Currently epoch 79
100%|███████████████████████████████████████████████████████████████████████████████████████████████████████████████████████████████████████████████████████████████| 5/5 [00:04<00:00,  1.06it/s, loss=1.79] 
Currently epoch 80
Running get_evaluation_bboxes...
  0%|                                                                                                                                                                                  | 0/2 [00:00<?, ?it/s]Starting NMS
Num boxes above confidence threshold: 7
Highest Box confidence scores: [0.8509740829467773, 0.79469233751297, 0.7514688372612, 0.7219347953796387, 0.7202517986297607]
Starting NMS
Num boxes above confidence threshold: 7
Highest Box confidence scores: [0.7668251395225525, 0.7388350963592529, 0.7366204857826233, 0.7314548492431641, 0.7266656756401062]
Starting NMS
Num boxes above confidence threshold: 8
Highest Box confidence scores: [0.7942692041397095, 0.7480246424674988, 0.7394110560417175, 0.7343406081199646, 0.7310155630111694]
Starting NMS
Num boxes above confidence threshold: 6
Highest Box confidence scores: [0.7882583141326904, 0.7801669836044312, 0.7515220642089844, 0.7460188865661621, 0.7441224455833435]
Starting NMS
Num boxes above confidence threshold: 5
Highest Box confidence scores: [0.7803148031234741, 0.7522273659706116, 0.7445176243782043, 0.7380914688110352, 0.7288259267807007]
Starting NMS
Num boxes above confidence threshold: 6
Highest Box confidence scores: [0.7844632863998413, 0.7374446392059326, 0.7246508002281189, 0.7163240909576416, 0.7089044451713562]
Starting NMS
Num boxes above confidence threshold: 7
Highest Box confidence scores: [0.8099566698074341, 0.755537748336792, 0.7482373118400574, 0.7244675159454346, 0.7220751643180847]
Starting NMS
Num boxes above confidence threshold: 7
Highest Box confidence scores: [0.8017935752868652, 0.7921241521835327, 0.7457622289657593, 0.7405843138694763, 0.7247298955917358]
Starting NMS
Num boxes above confidence threshold: 8
Highest Box confidence scores: [0.7795884609222412, 0.7703505754470825, 0.7565054893493652, 0.7280128598213196, 0.7225595116615295]
Starting NMS
Num boxes above confidence threshold: 8
Highest Box confidence scores: [0.7777088284492493, 0.7746428847312927, 0.7562731504440308, 0.7454763054847717, 0.7449721097946167]
Starting NMS
Num boxes above confidence threshold: 6
Highest Box confidence scores: [0.8112279176712036, 0.7849357724189758, 0.7555990219116211, 0.7359393239021301, 0.7176299095153809]
Starting NMS
Num boxes above confidence threshold: 6
Highest Box confidence scores: [0.788484513759613, 0.7716795206069946, 0.7716179490089417, 0.7155219912528992, 0.7146039009094238]
Starting NMS
Num boxes above confidence threshold: 8
Highest Box confidence scores: [0.8161773681640625, 0.786348283290863, 0.7386807799339294, 0.725053608417511, 0.7244871854782104]
Starting NMS
Num boxes above confidence threshold: 3
Highest Box confidence scores: [0.7740699052810669, 0.7575464248657227, 0.7469887137413025]
Starting NMS
Num boxes above confidence threshold: 6
Highest Box confidence scores: [0.8258377313613892, 0.7957125902175903, 0.7598220705986023, 0.7460793256759644, 0.7439351677894592]
Starting NMS
Num boxes above confidence threshold: 6
Highest Box confidence scores: [0.777190089225769, 0.7663149833679199, 0.7396612763404846, 0.7339040637016296, 0.7242000102996826]
Starting NMS
Num boxes above confidence threshold: 6
Highest Box confidence scores: [0.7974882125854492, 0.774978518486023, 0.7645986676216125, 0.7508793473243713, 0.7132014632225037]
Starting NMS
Num boxes above confidence threshold: 5
Highest Box confidence scores: [0.8063204288482666, 0.7672408819198608, 0.7505121827125549, 0.7396590113639832, 0.7220378518104553]
Starting NMS
Num boxes above confidence threshold: 6
Highest Box confidence scores: [0.7495940327644348, 0.7246794104576111, 0.7175464034080505, 0.7140440344810486, 0.7064015865325928]
Starting NMS
Num boxes above confidence threshold: 5
Highest Box confidence scores: [0.7629176378250122, 0.7320833802223206, 0.727725625038147, 0.7139136791229248, 0.7075667977333069]
Starting NMS
Num boxes above confidence threshold: 5
Highest Box confidence scores: [0.818386435508728, 0.7870774865150452, 0.7580083012580872, 0.7354578971862793, 0.7012673616409302]
Starting NMS
Num boxes above confidence threshold: 7
Highest Box confidence scores: [0.778598964214325, 0.7735984921455383, 0.7649090886116028, 0.755154013633728, 0.7093479633331299]
Starting NMS
Num boxes above confidence threshold: 6
Highest Box confidence scores: [0.789825975894928, 0.7621853351593018, 0.7511125206947327, 0.7177644371986389, 0.717233419418335]
Starting NMS
Num boxes above confidence threshold: 5
Highest Box confidence scores: [0.7539017796516418, 0.7386370301246643, 0.7313663363456726, 0.7209859490394592, 0.7183215618133545]
Starting NMS
Num boxes above confidence threshold: 6
Highest Box confidence scores: [0.754726231098175, 0.7467179298400879, 0.744358241558075, 0.7432276010513306, 0.7170660495758057]
Starting NMS
Num boxes above confidence threshold: 4
Highest Box confidence scores: [0.7943127155303955, 0.7429062128067017, 0.736064612865448, 0.7147418260574341]
Starting NMS
Num boxes above confidence threshold: 6
Highest Box confidence scores: [0.7850065231323242, 0.7801228761672974, 0.7748278379440308, 0.7258939146995544, 0.7145239114761353]
Starting NMS
Num boxes above confidence threshold: 7
Highest Box confidence scores: [0.7954238057136536, 0.773444414138794, 0.7572504281997681, 0.7463943362236023, 0.7327353954315186]
Starting NMS
Num boxes above confidence threshold: 5
Highest Box confidence scores: [0.7667478322982788, 0.7499617338180542, 0.7383264303207397, 0.734064519405365, 0.7045620083808899]
Starting NMS
Num boxes above confidence threshold: 6
Highest Box confidence scores: [0.7718020081520081, 0.758655846118927, 0.754517674446106, 0.7323494553565979, 0.7299988269805908]
Starting NMS
Num boxes above confidence threshold: 7
Highest Box confidence scores: [0.7767583727836609, 0.765544593334198, 0.7606220245361328, 0.7301394939422607, 0.7128833532333374]
Starting NMS
Num boxes above confidence threshold: 6
Highest Box confidence scores: [0.7973159551620483, 0.7968391180038452, 0.7964778542518616, 0.7376625537872314, 0.7199937701225281]
 50%|█████████████████████████████████████████████████████████████████████████████████████                                                                                     | 1/2 [00:03<00:03,  3.75s/it]Starting NMS
Num boxes above confidence threshold: 6
Highest Box confidence scores: [0.8032339811325073, 0.7970058917999268, 0.7601253986358643, 0.7594714760780334, 0.7472834587097168]
Starting NMS
Num boxes above confidence threshold: 4
Highest Box confidence scores: [0.7522668242454529, 0.7459293007850647, 0.7433152198791504, 0.73191899061203]
Starting NMS
Num boxes above confidence threshold: 7
Highest Box confidence scores: [0.7683507800102234, 0.7682873010635376, 0.7470625042915344, 0.7461045980453491, 0.7196539044380188]
Starting NMS
Num boxes above confidence threshold: 5
Highest Box confidence scores: [0.8004648089408875, 0.7682135701179504, 0.765479564666748, 0.7530377507209778, 0.7514767050743103]
Starting NMS
Num boxes above confidence threshold: 5
Highest Box confidence scores: [0.7838239669799805, 0.7547966837882996, 0.7468119859695435, 0.7181983590126038, 0.7023786902427673]
Starting NMS
Num boxes above confidence threshold: 6
Highest Box confidence scores: [0.781408965587616, 0.7687827944755554, 0.7534686923027039, 0.7208759188652039, 0.7064725160598755]
Starting NMS
Num boxes above confidence threshold: 6
Highest Box confidence scores: [0.7630957961082458, 0.759584903717041, 0.7520126700401306, 0.7394363880157471, 0.7391015887260437]
100%|██████████████████████████████████████████████████████████████████████████████████████████████████████████████████████████████████████████████████████████████████████████| 2/2 [00:04<00:00,  2.16s/it] 
Running mean_average_precision...
MAP: 0.6980211734771729
100%|███████████████████████████████████████████████████████████████████████████████████████████████████████████████████████████████████████████████████████████████| 5/5 [00:04<00:00,  1.04it/s, loss=1.76] 
Currently epoch 81
100%|████████████████████████████████████████████████████████████████████████████████████████████████████████████████████████████████████████████████████████████████| 5/5 [00:04<00:00,  1.05it/s, loss=1.7] 
Currently epoch 82
100%|███████████████████████████████████████████████████████████████████████████████████████████████████████████████████████████████████████████████████████████████| 5/5 [00:04<00:00,  1.03it/s, loss=1.73] 
Currently epoch 83
100%|███████████████████████████████████████████████████████████████████████████████████████████████████████████████████████████████████████████████████████████████| 5/5 [00:04<00:00,  1.02it/s, loss=1.69] 
Currently epoch 84
100%|███████████████████████████████████████████████████████████████████████████████████████████████████████████████████████████████████████████████████████████████| 5/5 [00:04<00:00,  1.04it/s, loss=1.64] 
Currently epoch 85
100%|███████████████████████████████████████████████████████████████████████████████████████████████████████████████████████████████████████████████████████████████| 5/5 [00:04<00:00,  1.03it/s, loss=1.63] 
Currently epoch 86
100%|███████████████████████████████████████████████████████████████████████████████████████████████████████████████████████████████████████████████████████████████| 5/5 [00:04<00:00,  1.03it/s, loss=1.62] 
Currently epoch 87
100%|███████████████████████████████████████████████████████████████████████████████████████████████████████████████████████████████████████████████████████████████| 5/5 [00:04<00:00,  1.05it/s, loss=1.61] 
Currently epoch 88
100%|███████████████████████████████████████████████████████████████████████████████████████████████████████████████████████████████████████████████████████████████| 5/5 [00:04<00:00,  1.04it/s, loss=1.59] 
Currently epoch 89
100%|███████████████████████████████████████████████████████████████████████████████████████████████████████████████████████████████████████████████████████████████| 5/5 [00:04<00:00,  1.05it/s, loss=1.59] 
Currently epoch 90
Running get_evaluation_bboxes...
  0%|                                                                                                                                                                                  | 0/2 [00:00<?, ?it/s]Starting NMS
Num boxes above confidence threshold: 5
Highest Box confidence scores: [0.8300701379776001, 0.7369977235794067, 0.7127066254615784, 0.7052322626113892, 0.7029212117195129]
Starting NMS
Num boxes above confidence threshold: 6
Highest Box confidence scores: [0.7528994083404541, 0.7492448091506958, 0.736806333065033, 0.7349002361297607, 0.7072376608848572]
Starting NMS
Num boxes above confidence threshold: 7
Highest Box confidence scores: [0.7607017159461975, 0.7557940483093262, 0.7487496733665466, 0.7428981065750122, 0.7261013388633728]
Starting NMS
Num boxes above confidence threshold: 6
Highest Box confidence scores: [0.8134084939956665, 0.7669476270675659, 0.7411508560180664, 0.7379782199859619, 0.7296119928359985]
Starting NMS
Num boxes above confidence threshold: 4
Highest Box confidence scores: [0.8053730130195618, 0.728343665599823, 0.703344464302063, 0.7028882503509521]
Starting NMS
Num boxes above confidence threshold: 5
Highest Box confidence scores: [0.7436600923538208, 0.7369658350944519, 0.7236921191215515, 0.7108936905860901, 0.7044905424118042]
Starting NMS
Num boxes above confidence threshold: 3
Highest Box confidence scores: [0.7828126549720764, 0.7793393731117249, 0.7085587382316589]
Starting NMS
Num boxes above confidence threshold: 5
Highest Box confidence scores: [0.7837629914283752, 0.7796717882156372, 0.7343299984931946, 0.7164492011070251, 0.7119987607002258]
Starting NMS
Num boxes above confidence threshold: 4
Highest Box confidence scores: [0.792065441608429, 0.7492648363113403, 0.7259032726287842, 0.7137957215309143]
Starting NMS
Num boxes above confidence threshold: 7
Highest Box confidence scores: [0.7614574432373047, 0.7535691261291504, 0.7327231168746948, 0.732106626033783, 0.7308213114738464]
Starting NMS
Num boxes above confidence threshold: 5
Highest Box confidence scores: [0.8186384439468384, 0.8177632689476013, 0.7531293034553528, 0.7407791018486023, 0.7350467443466187]
Starting NMS
Num boxes above confidence threshold: 4
Highest Box confidence scores: [0.7880853414535522, 0.7745005488395691, 0.7571648359298706, 0.7213703393936157]
Starting NMS
Num boxes above confidence threshold: 5
Highest Box confidence scores: [0.799813449382782, 0.7656269073486328, 0.7552521228790283, 0.7321770787239075, 0.7061130404472351]
Starting NMS
Num boxes above confidence threshold: 3
Highest Box confidence scores: [0.8106773495674133, 0.750848650932312, 0.7349419593811035]
Starting NMS
Num boxes above confidence threshold: 5
Highest Box confidence scores: [0.7947957515716553, 0.7556929588317871, 0.7548038363456726, 0.7495391368865967, 0.7322996854782104]
Starting NMS
Num boxes above confidence threshold: 5
Highest Box confidence scores: [0.765396773815155, 0.762873113155365, 0.7351002097129822, 0.7038764357566833, 0.7026423215866089]
Starting NMS
Num boxes above confidence threshold: 4
Highest Box confidence scores: [0.7804250717163086, 0.7689952254295349, 0.760794997215271, 0.7121359705924988]
Starting NMS
Num boxes above confidence threshold: 6
Highest Box confidence scores: [0.7867558598518372, 0.7692650556564331, 0.7429537773132324, 0.7231665849685669, 0.7214259505271912]
Starting NMS
Num boxes above confidence threshold: 4
Highest Box confidence scores: [0.7372986078262329, 0.73183673620224, 0.730302631855011, 0.7269368171691895]
Starting NMS
Num boxes above confidence threshold: 2
Highest Box confidence scores: [0.752301812171936, 0.7164539098739624]
Starting NMS
Num boxes above confidence threshold: 6
Highest Box confidence scores: [0.817237913608551, 0.7766076326370239, 0.7601770162582397, 0.7338083982467651, 0.7256826162338257]
Starting NMS
Num boxes above confidence threshold: 7
Highest Box confidence scores: [0.753490149974823, 0.7531973123550415, 0.7340049743652344, 0.7311001420021057, 0.7254598140716553]
Starting NMS
Num boxes above confidence threshold: 5
Highest Box confidence scores: [0.7502900958061218, 0.7484503388404846, 0.7390583753585815, 0.7380684018135071, 0.7048207521438599]
Starting NMS
Num boxes above confidence threshold: 4
Highest Box confidence scores: [0.7624331712722778, 0.761646032333374, 0.7183560132980347, 0.7005305290222168]
Starting NMS
Num boxes above confidence threshold: 6
Highest Box confidence scores: [0.7839205861091614, 0.7426965832710266, 0.7369815111160278, 0.7203457355499268, 0.7174651622772217]
Starting NMS
Num boxes above confidence threshold: 3
Highest Box confidence scores: [0.7674854397773743, 0.7411022186279297, 0.7062536478042603]
Starting NMS
Num boxes above confidence threshold: 5
Highest Box confidence scores: [0.7579703330993652, 0.7475817799568176, 0.7463733553886414, 0.7260755896568298, 0.712836742401123]
Starting NMS
Num boxes above confidence threshold: 5
Highest Box confidence scores: [0.7860180735588074, 0.7757533192634583, 0.7577364444732666, 0.724224865436554, 0.7157697677612305]
Starting NMS
Num boxes above confidence threshold: 3
Highest Box confidence scores: [0.74576735496521, 0.7297928333282471, 0.7094654440879822]
Starting NMS
Num boxes above confidence threshold: 4
Highest Box confidence scores: [0.7856907248497009, 0.7668022513389587, 0.7266048192977905, 0.7250050902366638]
Starting NMS
Num boxes above confidence threshold: 5
Highest Box confidence scores: [0.7901545166969299, 0.7408682107925415, 0.736396312713623, 0.7332212924957275, 0.7066556215286255]
Starting NMS
Num boxes above confidence threshold: 6
Highest Box confidence scores: [0.8005951046943665, 0.7843366265296936, 0.775118350982666, 0.7582533955574036, 0.756775438785553]
 50%|█████████████████████████████████████████████████████████████████████████████████████                                                                                     | 1/2 [00:03<00:03,  3.77s/it]Starting NMS
Num boxes above confidence threshold: 5
Highest Box confidence scores: [0.7935488224029541, 0.7733212113380432, 0.7282531261444092, 0.7209930419921875, 0.7206389904022217]
Starting NMS
Num boxes above confidence threshold: 5
Highest Box confidence scores: [0.7414780259132385, 0.7236084342002869, 0.7217724919319153, 0.7168413400650024, 0.7044627070426941]
Starting NMS
Num boxes above confidence threshold: 5
Highest Box confidence scores: [0.7749425768852234, 0.7700222134590149, 0.758652925491333, 0.7508358955383301, 0.7040964365005493]
Starting NMS
Num boxes above confidence threshold: 5
Highest Box confidence scores: [0.7993416786193848, 0.7867016196250916, 0.7656250596046448, 0.7429398894309998, 0.715543806552887]
Starting NMS
Num boxes above confidence threshold: 2
Highest Box confidence scores: [0.7483976483345032, 0.7466745376586914]
Starting NMS
Num boxes above confidence threshold: 3
Highest Box confidence scores: [0.7627220749855042, 0.7539960145950317, 0.7470265030860901]
Starting NMS
Num boxes above confidence threshold: 6
Highest Box confidence scores: [0.7546002268791199, 0.7313739657402039, 0.7248693704605103, 0.7164199948310852, 0.7031480669975281]
100%|██████████████████████████████████████████████████████████████████████████████████████████████████████████████████████████████████████████████████████████████████████████| 2/2 [00:04<00:00,  2.12s/it] 
Running mean_average_precision...
MAP: 0.5820134878158569
100%|███████████████████████████████████████████████████████████████████████████████████████████████████████████████████████████████████████████████████████████████| 5/5 [00:04<00:00,  1.05it/s, loss=1.53] 
Currently epoch 91
100%|███████████████████████████████████████████████████████████████████████████████████████████████████████████████████████████████████████████████████████████████| 5/5 [00:04<00:00,  1.04it/s, loss=1.49] 
Currently epoch 92
100%|███████████████████████████████████████████████████████████████████████████████████████████████████████████████████████████████████████████████████████████████| 5/5 [00:04<00:00,  1.03it/s, loss=1.51] 
Currently epoch 93
100%|███████████████████████████████████████████████████████████████████████████████████████████████████████████████████████████████████████████████████████████████| 5/5 [00:04<00:00,  1.01it/s, loss=1.48] 
Currently epoch 94
100%|████████████████████████████████████████████████████████████████████████████████████████████████████████████████████████████████████████████████████████████████| 5/5 [00:04<00:00,  1.04it/s, loss=1.5] 
Currently epoch 95
100%|███████████████████████████████████████████████████████████████████████████████████████████████████████████████████████████████████████████████████████████████| 5/5 [00:04<00:00,  1.04it/s, loss=1.43] 
Currently epoch 96
100%|███████████████████████████████████████████████████████████████████████████████████████████████████████████████████████████████████████████████████████████████| 5/5 [00:04<00:00,  1.04it/s, loss=1.42] 
Currently epoch 97
100%|███████████████████████████████████████████████████████████████████████████████████████████████████████████████████████████████████████████████████████████████| 5/5 [00:04<00:00,  1.05it/s, loss=1.42] 
Currently epoch 98
100%|███████████████████████████████████████████████████████████████████████████████████████████████████████████████████████████████████████████████████████████████| 5/5 [00:04<00:00,  1.04it/s, loss=1.44] 
=> Saving checkpoint
Checkpoint saved at: checkpoint_storage\2024-02-02_20-24-05_epochs_100_checkpoint.pth.tar and root
Currently epoch 99